--- Job TCMPA2M_T.gms Start 06/21/24 20:13:25 46.4.1 485757e2 WEX-WEI x86 64bit/MS Windows
--- Applying:
    C:\GAMS\46\gmsprmNT.txt
--- GAMS Parameters defined
    Input "C:\Users\PC\Desktop\UPC\Energy Markets\GAMS files for MCM\TCMPA\TCMPA2M_T.gms"
    PageSize 0
    ScrDir "C:\Users\PC\Desktop\UPC\Energy Markets\GAMS files for MCM\TCMPA\225a\"
    SysDir C:\GAMS\46\
    LogOption 3
    ErrMsg 1
    ErrorLog 99
    IDE 1
    LstTitleLeftAligned 1
Licensee: GAMS Community License for F.-Javier Heredia   S240416|0002AO-GEN
          CITCEA - Universitat Politecnica de Catalunya, SPAIN       CL3111
          C:\Users\PC\Documents\GAMS\gamslice.txt
          F.-Javier Heredia, f.javier.heredia@upc.edu                      
          Other time limited license
          The evaluation period of the license will expire on Apr 11, 2025
Processor information: 1 socket(s), 4 core(s), and 8 thread(s) available
GAMS 46.4.1   Copyright (C) 1987-2024 GAMS Development. All rights reserved
--- Starting compilation
--- TCMPA2M_T.gms(11) 3 Mb 1 Error
*** Error 120 in C:\Users\PC\Desktop\UPC\Energy Markets\GAMS files for MCM\TCMPA\TCMPA2M_T.gms
    Unknown identifier entered as set
--- TCMPA2M_T.gms(12) 3 Mb 9 Errors
*** Error 120 in C:\Users\PC\Desktop\UPC\Energy Markets\GAMS files for MCM\TCMPA\TCMPA2M_T.gms
    Unknown identifier entered as set
*** Error 120 in C:\Users\PC\Desktop\UPC\Energy Markets\GAMS files for MCM\TCMPA\TCMPA2M_T.gms
    Unknown identifier entered as set
*** Error 140 in C:\Users\PC\Desktop\UPC\Energy Markets\GAMS files for MCM\TCMPA\TCMPA2M_T.gms
    Unknown symbol
*** Error 140 in C:\Users\PC\Desktop\UPC\Energy Markets\GAMS files for MCM\TCMPA\TCMPA2M_T.gms
    Unknown symbol
*** Error 120 in C:\Users\PC\Desktop\UPC\Energy Markets\GAMS files for MCM\TCMPA\TCMPA2M_T.gms
    Unknown identifier entered as set
*** Error 120 in C:\Users\PC\Desktop\UPC\Energy Markets\GAMS files for MCM\TCMPA\TCMPA2M_T.gms
    Unknown identifier entered as set
*** Error 140 in C:\Users\PC\Desktop\UPC\Energy Markets\GAMS files for MCM\TCMPA\TCMPA2M_T.gms
    Unknown symbol
*** Error 140 in C:\Users\PC\Desktop\UPC\Energy Markets\GAMS files for MCM\TCMPA\TCMPA2M_T.gms
    Unknown symbol
--- TCMPA2M_T.gms(14) 3 Mb 12 Errors
*** Error 120 in C:\Users\PC\Desktop\UPC\Energy Markets\GAMS files for MCM\TCMPA\TCMPA2M_T.gms
    Unknown identifier entered as set
*** Error 140 in C:\Users\PC\Desktop\UPC\Energy Markets\GAMS files for MCM\TCMPA\TCMPA2M_T.gms
    Unknown symbol
*** Error 116 in C:\Users\PC\Desktop\UPC\Energy Markets\GAMS files for MCM\TCMPA\TCMPA2M_T.gms
    Label is unknown
--- TCMPA2M_T.gms(19) 3 Mb 13 Errors
*** Error 140 in C:\Users\PC\Desktop\UPC\Energy Markets\GAMS files for MCM\TCMPA\TCMPA2M_T.gms
    Unknown symbol
--- TCMPA2M_T.gms(22) 3 Mb 14 Errors
*** Error 140 in C:\Users\PC\Desktop\UPC\Energy Markets\GAMS files for MCM\TCMPA\TCMPA2M_T.gms
    Unknown symbol
--- TCMPA2M_T.gms(33) 3 Mb 17 Errors
*** Error 120 in C:\Users\PC\Desktop\UPC\Energy Markets\GAMS files for MCM\TCMPA\TCMPA2M_T.gms
    Unknown identifier entered as set
*** Error 340 in C:\Users\PC\Desktop\UPC\Energy Markets\GAMS files for MCM\TCMPA\TCMPA2M_T.gms
    A label/element with the same name exist. You may have forgotten
       to quote a label/element reference. For example,
       set i / a,b,c /; parameter x(i); x('a') = 10;
*** Error 140 in C:\Users\PC\Desktop\UPC\Energy Markets\GAMS files for MCM\TCMPA\TCMPA2M_T.gms
    Unknown symbol
--- TCMPA2M_T.gms(34) 3 Mb 18 Errors
*** Error 140 in C:\Users\PC\Desktop\UPC\Energy Markets\GAMS files for MCM\TCMPA\TCMPA2M_T.gms
    Unknown symbol
--- TCMPA2M_T.gms(35) 3 Mb 19 Errors
*** Error 140 in C:\Users\PC\Desktop\UPC\Energy Markets\GAMS files for MCM\TCMPA\TCMPA2M_T.gms
    Unknown symbol
--- TCMPA2M_T.gms(36) 3 Mb 20 Errors
*** Error 140 in C:\Users\PC\Desktop\UPC\Energy Markets\GAMS files for MCM\TCMPA\TCMPA2M_T.gms
    Unknown symbol
--- TCMPA2M_T.gms(37) 3 Mb 21 Errors
*** Error 140 in C:\Users\PC\Desktop\UPC\Energy Markets\GAMS files for MCM\TCMPA\TCMPA2M_T.gms
    Unknown symbol
--- TCMPA2M_T.gms(38) 3 Mb 21 Errors
*** Status: Compilation error(s)
--- Job TCMPA2M_T.gms Stop 06/21/24 20:13:25 elapsed 0:00:00.007
