--- Job SPA.gms Start 05/11/24 18:57:59 46.4.1 485757e2 WEX-WEI x86 64bit/MS Windows
--- Applying:
    C:\GAMS\46\gmsprmNT.txt
--- GAMS Parameters defined
    Input C:\Users\citcea\Documents\GitHub\MUSAE\MUSAE_energy_markets\exercise4\SPA.gms
    PageSize 0
    ScrDir C:\Users\citcea\Documents\GitHub\MUSAE\MUSAE_energy_markets\exercise4\225a\
    SysDir C:\GAMS\46\
    LogOption 3
    ErrMsg 1
    ErrorLog 99
    IDE 1
    LstTitleLeftAligned 1
Licensee: GAMS Community License for F.-Javier Heredia   S240416|0002AO-GEN
          CITCEA - Universitat Politecnica de Catalunya, SPAIN       CL3111
          C:\Users\citcea\Documents\GAMS\gamslice.txt
          F.-Javier Heredia, f.javier.heredia@upc.edu                      
          Other time limited license
          The evaluation period of the license will expire on Apr 11, 2025
Processor information: 1 socket(s), 12 core(s), and 16 thread(s) available
GAMS 46.4.1   Copyright (C) 1987-2024 GAMS Development. All rights reserved
--- Starting compilation
--- SPA.gms(175) 3 Mb
--- . SPA2M.gms(21) 3 Mb
--- SPA.gms(175) 3 Mb
--- Starting execution: elapsed 0:00:00.007
--- SPA.gms(121) 4 Mb
--- Generating LP model SPA0
--- SPA.gms(126) 4 Mb
---   8 rows  7 columns  19 non-zeroes
--- Range statistics (absolute non-zero finite values)
--- RHS       [min, max] : [ 1.000E+01, 1.500E+01] - Zero values observed as well
--- Bound     [min, max] : [        NA,        NA] - Zero values observed as well
--- Matrix    [min, max] : [ 1.000E+00, 8.000E+00]
--- Executing CPLEX (Solvelink=2): elapsed 0:00:00.117

IBM ILOG CPLEX   46.4.1 485757e2 Apr 16, 2024          WEI x86 64bit/MS Window

*** This solver runs with a community license.
--- GMO setup time: 0.00s
--- GMO memory 0.50 Mb (peak 0.50 Mb)
--- Dictionary memory 0.00 Mb
--- Cplex 22.1.1.0 link memory 0.00 Mb (peak 0.00 Mb)
--- Starting Cplex

Version identifier: 22.1.1.0 | 2022-11-27 | 9160aff4d
CPXPARAM_Advance                                 0
CPXPARAM_Simplex_Display                         2
CPXPARAM_MIP_Display                             4
CPXPARAM_MIP_Pool_Capacity                       0
CPXPARAM_MIP_Tolerances_AbsMIPGap                0
Tried aggregator 1 time.
LP Presolve eliminated 6 rows and 1 columns.
Reduced LP has 1 rows, 6 columns, and 6 nonzeros.
Presolve time = 0.00 sec. (0.00 ticks)

Iteration      Dual Objective            In Variable           Out Variable
     1              75.000000               PG(G1,2)           MARKET artif

--- LP status (1): optimal.
--- Cplex Time: 0.00sec (det. 0.01 ticks)


Optimal solution found
Objective:           75.000000

--- Reading solution for model SPA0
--- Executing after solve: elapsed 0:00:00.283
--- SPA.gms(142) 4 Mb
--- Generating MIP model SPA
--- SPA.gms(147) 4 Mb
---   12 rows  8 columns  29 non-zeroes
---   1 discrete-columns
--- Range statistics (absolute non-zero finite values)
--- RHS       [min, max] : [ 1.000E+01, 3.500E+01] - Zero values observed as well
--- Bound     [min, max] : [ 1.000E+00, 1.000E+00] - Zero values observed as well
--- Matrix    [min, max] : [ 1.000E+00, 3.000E+01]
--- Executing CPLEX (Solvelink=2): elapsed 0:00:00.286

IBM ILOG CPLEX   46.4.1 485757e2 Apr 16, 2024          WEI x86 64bit/MS Window

*** This solver runs with a community license.
--- GMO setup time: 0.00s
--- GMO memory 0.50 Mb (peak 0.50 Mb)
--- Dictionary memory 0.00 Mb
--- Cplex 22.1.1.0 link memory 0.00 Mb (peak 0.00 Mb)
--- Starting Cplex

Version identifier: 22.1.1.0 | 2022-11-27 | 9160aff4d
CPXPARAM_Advance                                 2
CPXPARAM_Simplex_Display                         2
CPXPARAM_MIP_Display                             4
CPXPARAM_MIP_Pool_Capacity                       0
CPXPARAM_MIP_Tolerances_AbsMIPGap                0
Generic callback                                 0x50
Tried aggregator 1 time.
MIP Presolve eliminated 10 rows and 3 columns.
Reduced MIP has 1 rows, 5 columns, and 5 nonzeros.
Reduced MIP has 0 binaries, 0 generals, 0 SOSs, and 0 indicators.
Presolve time = 0.00 sec. (0.01 ticks)
Tried aggregator 1 time.
Reduced MIP has 1 rows, 5 columns, and 5 nonzeros.
Reduced MIP has 0 binaries, 0 generals, 0 SOSs, and 0 indicators.
Presolve time = 0.00 sec. (0.00 ticks)
MIP emphasis: balance optimality and feasibility.
MIP search method: dynamic search.
Parallel mode: deterministic, using up to 16 threads.

Iteration      Dual Objective            In Variable           Out Variable
     1              55.000000               PD(D2,2)           MARKET artif
Root relaxation solution time = 0.00 sec. (0.00 ticks)

        Nodes                                         Cuts/
   Node  Left     Objective  IInf  Best Integer    Best Bound    ItCnt     Gap

*     0     0      integral     0       55.0000       55.0000        1    0.00%
Elapsed time = 0.00 sec. (0.02 ticks, tree = 0.00 MB)
Found incumbent of value 55.000000 after 0.00 sec. (0.02 ticks)

Root node processing (before b&c):
  Real time             =    0.00 sec. (0.02 ticks)
Parallel b&c, 16 threads:
  Real time             =    0.00 sec. (0.00 ticks)
  Sync time (average)   =    0.00 sec.
  Wait time (average)   =    0.00 sec.
                          ------------
Total (root+branch&cut) =    0.00 sec. (0.02 ticks)

--- MIP status (101): integer optimal solution.
--- Cplex Time: 0.01sec (det. 0.02 ticks)

--- Returning a primal only solution to GAMS (marginals all set to NA).
--- Fixing integer variables and solving final LP...

Version identifier: 22.1.1.0 | 2022-11-27 | 9160aff4d
CPXPARAM_Advance                                 2
CPXPARAM_Simplex_Display                         2
CPXPARAM_MIP_Display                             4
CPXPARAM_MIP_Pool_Capacity                       0
CPXPARAM_MIP_Tolerances_AbsMIPGap                0
Tried aggregator 1 time.
LP Presolve eliminated 10 rows and 3 columns.
Reduced LP has 1 rows, 5 columns, and 5 nonzeros.
Presolve time = 0.00 sec. (0.01 ticks)

Iteration      Dual Objective            In Variable           Out Variable
     1              55.000000               PD(D2,2)           MARKET artif

--- Fixed MIP status (1): optimal.
--- Cplex Time: 0.00sec (det. 0.01 ticks)


Proven optimal solution
MIP Solution:           55.000000    (1 iterations, 0 nodes)
Final Solve:            55.000000    (1 iterations)

Best possible:          55.000000
Absolute gap:            0.000000
Relative gap:            0.000000

--- Reading solution for model SPA
--- Executing after solve: elapsed 0:00:00.345
--- SPA.gms(159) 4 Mb
--- Generating RMIP model SPA
--- SPA.gms(161) 4 Mb
---   12 rows  8 columns  29 non-zeroes
---   1 discrete-columns
--- Range statistics (absolute non-zero finite values)
--- RHS       [min, max] : [ 1.000E+01, 3.500E+01] - Zero values observed as well
--- Bound     [min, max] : [ 1.000E+00, 1.000E+00] - Zero values observed as well
--- Matrix    [min, max] : [ 1.000E+00, 3.000E+01]
--- Executing CPLEX (Solvelink=2): elapsed 0:00:00.346

IBM ILOG CPLEX   46.4.1 485757e2 Apr 16, 2024          WEI x86 64bit/MS Window

*** This solver runs with a community license.
--- GMO setup time: 0.00s
--- GMO memory 0.50 Mb (peak 0.50 Mb)
--- Dictionary memory 0.00 Mb
--- Cplex 22.1.1.0 link memory 0.00 Mb (peak 0.00 Mb)
--- Starting Cplex

Version identifier: 22.1.1.0 | 2022-11-27 | 9160aff4d
CPXPARAM_Advance                                 2
CPXPARAM_Simplex_Display                         2
CPXPARAM_MIP_Display                             4
CPXPARAM_MIP_Pool_Capacity                       0
CPXPARAM_MIP_Tolerances_AbsMIPGap                0
Tried aggregator 1 time.
LP Presolve eliminated 10 rows and 3 columns.
Reduced LP has 1 rows, 5 columns, and 5 nonzeros.
Presolve time = 0.00 sec. (0.01 ticks)

--- LP status (1): optimal.
--- Cplex Time: 0.00sec (det. 0.02 ticks)


Optimal solution found
Objective:           55.000000

--- Reading solution for model SPA
--- Executing after solve: elapsed 0:00:00.391
--- SPA.gms(190) 4 Mb
--- Putfile SPA_eq C:\Users\citcea\Documents\GitHub\MUSAE\MUSAE_energy_markets\exercise4\SPA_eq.dat
--- Putfile SPA_lbg C:\Users\citcea\Documents\GitHub\MUSAE\MUSAE_energy_markets\exercise4\SPA_lbg.dat
--- Putfile SPA_pbg C:\Users\citcea\Documents\GitHub\MUSAE\MUSAE_energy_markets\exercise4\SPA_pbg.dat
--- Putfile SPA_PG C:\Users\citcea\Documents\GitHub\MUSAE\MUSAE_energy_markets\exercise4\SPA_PG.dat
--- Putfile SPA_lbd C:\Users\citcea\Documents\GitHub\MUSAE\MUSAE_energy_markets\exercise4\SPA_lbd.dat
--- Putfile SPA_pbd C:\Users\citcea\Documents\GitHub\MUSAE\MUSAE_energy_markets\exercise4\SPA_pbd.dat
--- Putfile SPA_PD C:\Users\citcea\Documents\GitHub\MUSAE\MUSAE_energy_markets\exercise4\SPA_PD.dat
*** Status: Normal completion
--- Job SPA.gms Stop 05/11/24 18:58:00 elapsed 0:00:00.395
